// Jest Snapshot v1, https://goo.gl/fbAQLP

exports[`Gallery renders without crashing 1`] = `
<Route>
  <Component />
</Route>
`;
